// Bun Snapshot v1, https://bun.sh/docs/test/snapshots

exports[`RFC §8.3 three-row snapshot: healthy + broken + healthy-selected (b) snapshot: three-row state with broken row focused (third position) 1`] = `
" CLAUDE   workflow  ›  select                                                                              2 workflows  
                                                                                                                        
  ╭──────────────────────────────────╮                                                                                  
  │  ❯                               │    mmm-broken                                                                    
  ╰──────────────────────────────────╯                                                                                  
                                          ✗ Failed to load                                                              
                                                                                                                        
    claude                                                                                                              
     aaa-first                            bunx exit 1 during _emit-workflow-meta                                        
     zzz-last                                                                                                           
   ✗ mmm-broken                                                                                                         
                                          source  ·  ~/.atomic/settings.json                                            
                                                                                                                        
                                          fix  ·  ensure @acme/mmm-broken is installed and on PATH                      
                                                                                                                        
                                                                                                                        
                                                                                                                        
                                                                                                                        
                                                                                                                        
                                                                                                                        
                                                                                                                        
                                                                                                                        
                                                                                                                        
                                                                                                                        
                                                                                                                        
                                                                                                                        
                                                                                                                        
                                                                                                                        
                                                                                                                        
                                                                                                                        
                                                                                                                        
                                                                                                                        
                                                                                                                        
                                                                                                                        
                                                                                                                        
                                                                                                                        
                                                                                                                        
                                                                                                                        
                                                                                                                        
 PICK                                                                            ↑↓ navigate  ·  ↵ select  ·  esc quit  
"
`;
